mode: atomic
eloquent-backend/pkg/audio/codec.go:46.68,47.21 1 0
eloquent-backend/pkg/audio/codec.go:47.21,49.3 1 0
eloquent-backend/pkg/audio/codec.go:50.2,50.19 1 0
eloquent-backend/pkg/audio/codec.go:50.19,52.3 1 0
eloquent-backend/pkg/audio/codec.go:53.2,56.3 1 0
eloquent-backend/pkg/audio/codec.go:60.38,62.2 1 0
eloquent-backend/pkg/audio/codec.go:65.64,66.18 1 0
eloquent-backend/pkg/audio/codec.go:66.18,68.3 1 0
eloquent-backend/pkg/audio/codec.go:69.2,69.26 1 0
eloquent-backend/pkg/audio/codec.go:69.26,71.3 1 0
eloquent-backend/pkg/audio/codec.go:73.2,75.17 3 0
eloquent-backend/pkg/audio/codec.go:79.63,80.20 1 0
eloquent-backend/pkg/audio/codec.go:80.20,82.3 1 0
eloquent-backend/pkg/audio/codec.go:83.2,83.22 1 0
eloquent-backend/pkg/audio/codec.go:83.22,85.3 1 0
eloquent-backend/pkg/audio/codec.go:87.2,100.38 6 0
eloquent-backend/pkg/audio/codec.go:100.38,103.17 3 0
eloquent-backend/pkg/audio/codec.go:103.17,105.4 1 0
eloquent-backend/pkg/audio/codec.go:106.3,106.20 1 0
eloquent-backend/pkg/audio/codec.go:106.20,108.4 1 0
eloquent-backend/pkg/audio/codec.go:109.3,110.28 2 0
eloquent-backend/pkg/audio/codec.go:113.2,113.20 1 0
eloquent-backend/pkg/audio/codec.go:113.20,115.3 1 0
eloquent-backend/pkg/audio/codec.go:116.2,119.19 3 0
eloquent-backend/pkg/audio/codec.go:132.30,134.2 1 0
eloquent-backend/pkg/audio/codec.go:137.36,139.2 1 0
eloquent-backend/pkg/audio/codec.go:142.62,143.18 1 0
eloquent-backend/pkg/audio/codec.go:143.18,145.3 1 0
eloquent-backend/pkg/audio/codec.go:146.2,146.26 1 0
eloquent-backend/pkg/audio/codec.go:146.26,148.3 1 0
eloquent-backend/pkg/audio/codec.go:150.2,151.13 2 0
eloquent-backend/pkg/audio/codec.go:151.13,153.3 1 0
eloquent-backend/pkg/audio/codec.go:154.2,155.13 2 0
eloquent-backend/pkg/audio/codec.go:155.13,157.3 1 0
eloquent-backend/pkg/audio/codec.go:159.2,186.17 20 0
eloquent-backend/pkg/audio/codec.go:190.61,191.31 1 0
eloquent-backend/pkg/audio/codec.go:191.31,193.3 1 0
eloquent-backend/pkg/audio/codec.go:195.2,195.65 1 0
eloquent-backend/pkg/audio/codec.go:195.65,197.3 1 0
eloquent-backend/pkg/audio/codec.go:198.2,198.35 1 0
eloquent-backend/pkg/audio/codec.go:198.35,200.3 1 0
eloquent-backend/pkg/audio/codec.go:202.2,206.19 4 0
eloquent-backend/pkg/audio/codec.go:206.19,208.3 1 0
eloquent-backend/pkg/audio/codec.go:209.2,209.21 1 0
eloquent-backend/pkg/audio/codec.go:209.21,211.3 1 0
eloquent-backend/pkg/audio/codec.go:212.2,212.25 1 0
eloquent-backend/pkg/audio/codec.go:212.25,214.3 1 0
eloquent-backend/pkg/audio/codec.go:217.2,218.32 2 0
eloquent-backend/pkg/audio/codec.go:218.32,219.54 1 0
eloquent-backend/pkg/audio/codec.go:219.54,220.9 1 0
eloquent-backend/pkg/audio/codec.go:222.3,223.30 2 0
eloquent-backend/pkg/audio/codec.go:226.2,226.81 1 0
eloquent-backend/pkg/audio/codec.go:226.81,228.3 1 0
eloquent-backend/pkg/audio/codec.go:230.2,232.41 3 0
eloquent-backend/pkg/audio/codec.go:232.41,234.3 1 0
eloquent-backend/pkg/audio/codec.go:236.2,251.39 7 0
eloquent-backend/pkg/audio/codec.go:251.39,254.17 3 0
eloquent-backend/pkg/audio/codec.go:254.17,256.4 1 0
eloquent-backend/pkg/audio/codec.go:257.3,257.20 1 0
eloquent-backend/pkg/audio/codec.go:257.20,259.4 1 0
eloquent-backend/pkg/audio/codec.go:260.3,261.28 2 0
eloquent-backend/pkg/audio/codec.go:264.2,264.20 1 0
eloquent-backend/pkg/audio/codec.go:264.20,266.3 1 0
eloquent-backend/pkg/audio/codec.go:267.2,270.19 3 0
eloquent-backend/pkg/audio/codec.go:303.46,305.2 1 0
eloquent-backend/pkg/audio/codec.go:308.44,310.2 1 0
eloquent-backend/pkg/audio/codec.go:313.70,314.18 1 0
eloquent-backend/pkg/audio/codec.go:314.18,316.3 1 0
eloquent-backend/pkg/audio/codec.go:317.2,318.21 2 0
eloquent-backend/pkg/audio/codec.go:318.21,320.3 1 0
eloquent-backend/pkg/audio/codec.go:321.2,321.29 1 0
eloquent-backend/pkg/audio/codec.go:321.29,323.3 1 0
eloquent-backend/pkg/audio/codec.go:325.2,343.20 10 0
eloquent-backend/pkg/audio/codec.go:343.20,345.3 1 0
eloquent-backend/pkg/audio/codec.go:346.2,355.17 6 0
eloquent-backend/pkg/audio/codec.go:359.69,360.34 1 0
eloquent-backend/pkg/audio/codec.go:360.34,362.3 1 0
eloquent-backend/pkg/audio/codec.go:364.2,365.24 2 0
eloquent-backend/pkg/audio/codec.go:365.24,367.3 1 0
eloquent-backend/pkg/audio/codec.go:369.2,377.21 8 0
eloquent-backend/pkg/audio/codec.go:377.21,379.3 1 0
eloquent-backend/pkg/audio/codec.go:380.2,380.19 1 0
eloquent-backend/pkg/audio/codec.go:380.19,382.3 1 0
eloquent-backend/pkg/audio/codec.go:384.2,384.45 1 0
eloquent-backend/pkg/audio/codec.go:384.45,386.3 1 0
eloquent-backend/pkg/audio/codec.go:388.2,393.39 5 0
eloquent-backend/pkg/audio/codec.go:393.39,397.3 3 0
eloquent-backend/pkg/audio/codec.go:399.2,400.20 2 0
eloquent-backend/pkg/audio/codec.go:400.20,402.3 1 0
eloquent-backend/pkg/audio/codec.go:404.2,414.8 1 0
eloquent-backend/pkg/audio/codec.go:428.40,432.2 1 0
eloquent-backend/pkg/audio/codec.go:435.52,436.18 1 0
eloquent-backend/pkg/audio/codec.go:436.18,438.3 1 0
eloquent-backend/pkg/audio/codec.go:439.2,441.51 3 0
eloquent-backend/pkg/audio/codec.go:445.63,450.2 4 0
eloquent-backend/pkg/audio/codec.go:453.44,457.26 4 0
eloquent-backend/pkg/audio/codec.go:457.26,459.3 1 0
eloquent-backend/pkg/audio/codec.go:460.2,460.16 1 0
eloquent-backend/pkg/audio/codec.go:464.44,470.2 5 0
eloquent-backend/pkg/audio/engine.go:74.41,76.17 2 11
eloquent-backend/pkg/audio/engine.go:76.17,78.3 1 0
eloquent-backend/pkg/audio/engine.go:79.2,79.18 1 11
eloquent-backend/pkg/audio/engine.go:79.18,81.3 1 0
eloquent-backend/pkg/audio/engine.go:83.2,92.3 1 11
eloquent-backend/pkg/audio/engine.go:103.44,105.2 1 7
eloquent-backend/pkg/audio/engine.go:108.107,109.20 1 11
eloquent-backend/pkg/audio/engine.go:109.20,111.3 1 1
eloquent-backend/pkg/audio/engine.go:112.2,112.22 1 10
eloquent-backend/pkg/audio/engine.go:112.22,114.3 1 1
eloquent-backend/pkg/audio/engine.go:115.2,115.34 1 9
eloquent-backend/pkg/audio/engine.go:115.34,117.3 1 2
eloquent-backend/pkg/audio/engine.go:118.2,118.19 1 7
eloquent-backend/pkg/audio/engine.go:118.19,120.3 1 1
eloquent-backend/pkg/audio/engine.go:121.2,121.24 1 6
eloquent-backend/pkg/audio/engine.go:121.24,125.3 3 1
eloquent-backend/pkg/audio/engine.go:127.2,129.28 3 5
eloquent-backend/pkg/audio/engine.go:129.28,131.3 1 1
eloquent-backend/pkg/audio/engine.go:133.2,134.28 2 4
eloquent-backend/pkg/audio/engine.go:134.28,136.3 1 0
eloquent-backend/pkg/audio/engine.go:138.2,142.40 4 4
eloquent-backend/pkg/audio/engine.go:142.40,144.57 2 5
eloquent-backend/pkg/audio/engine.go:144.57,149.37 4 1120
eloquent-backend/pkg/audio/engine.go:149.37,152.5 2 3
eloquent-backend/pkg/audio/engine.go:154.4,158.50 4 1120
eloquent-backend/pkg/audio/engine.go:158.50,160.5 1 644
eloquent-backend/pkg/audio/engine.go:160.10,164.5 3 476
eloquent-backend/pkg/audio/engine.go:166.4,167.80 2 1120
eloquent-backend/pkg/audio/engine.go:171.2,171.17 1 4
eloquent-backend/pkg/audio/engine.go:209.55,211.18 2 6
eloquent-backend/pkg/audio/engine.go:211.18,213.3 1 6
eloquent-backend/pkg/audio/engine.go:215.2,215.28 1 6
eloquent-backend/pkg/audio/engine.go:215.28,217.28 2 1
eloquent-backend/pkg/audio/engine.go:217.28,219.4 1 0
eloquent-backend/pkg/audio/engine.go:221.2,221.31 1 6
eloquent-backend/pkg/audio/engine.go:221.31,223.3 1 1
eloquent-backend/pkg/audio/engine.go:224.2,224.33 1 6
eloquent-backend/pkg/audio/engine.go:224.33,226.3 1 1
eloquent-backend/pkg/audio/engine.go:227.2,227.34 1 6
eloquent-backend/pkg/audio/engine.go:227.34,229.3 1 1
eloquent-backend/pkg/audio/engine.go:230.2,230.36 1 6
eloquent-backend/pkg/audio/engine.go:230.36,232.3 1 1
eloquent-backend/pkg/audio/engine.go:234.2,252.28 3 6
eloquent-backend/pkg/audio/engine.go:252.28,255.5 2 0
eloquent-backend/pkg/audio/engine.go:259.2,259.33 1 6
eloquent-backend/pkg/audio/engine.go:259.33,261.3 1 1
eloquent-backend/pkg/audio/engine.go:264.2,265.41 2 6
eloquent-backend/pkg/audio/engine.go:265.41,267.3 1 48
eloquent-backend/pkg/audio/engine.go:269.2,269.15 1 6
eloquent-backend/pkg/audio/engine.go:273.56,275.2 1 1
eloquent-backend/pkg/audio/engine.go:278.57,280.2 1 1
eloquent-backend/pkg/audio/engine.go:283.52,285.2 1 1
eloquent-backend/pkg/audio/engine.go:288.48,291.6 2 48
eloquent-backend/pkg/audio/engine.go:291.6,292.10 1 48
eloquent-backend/pkg/audio/engine.go:292.10,293.17 1 48
eloquent-backend/pkg/audio/engine.go:293.17,294.33 1 48
eloquent-backend/pkg/audio/engine.go:294.33,297.6 1 0
eloquent-backend/pkg/audio/engine.go:300.4,300.8 1 48
eloquent-backend/pkg/audio/engine.go:300.8,301.12 1 297
eloquent-backend/pkg/audio/engine.go:302.25,303.12 1 37
eloquent-backend/pkg/audio/engine.go:304.37,305.13 1 260
eloquent-backend/pkg/audio/engine.go:305.13,307.7 1 11
eloquent-backend/pkg/audio/engine.go:308.6,308.22 1 249
eloquent-backend/pkg/audio/engine.go:308.22,310.7 1 249
eloquent-backend/pkg/audio/engine.go:316.3,316.63 1 48
eloquent-backend/pkg/audio/engine.go:316.63,318.4 1 48
eloquent-backend/pkg/audio/engine.go:324.55,328.17 3 249
eloquent-backend/pkg/audio/engine.go:328.17,330.3 1 0
eloquent-backend/pkg/audio/engine.go:333.2,333.27 1 249
eloquent-backend/pkg/audio/engine.go:333.27,335.3 1 249
eloquent-backend/pkg/audio/engine.go:338.2,339.54 2 249
eloquent-backend/pkg/audio/engine.go:339.54,341.39 2 1
eloquent-backend/pkg/audio/engine.go:341.39,345.4 3 1
eloquent-backend/pkg/audio/engine.go:348.2,352.36 4 249
eloquent-backend/pkg/audio/engine.go:352.36,355.17 3 171182
eloquent-backend/pkg/audio/engine.go:355.17,357.4 1 82
eloquent-backend/pkg/audio/engine.go:358.3,358.20 1 171182
eloquent-backend/pkg/audio/engine.go:358.20,360.4 1 11440
eloquent-backend/pkg/audio/engine.go:361.3,362.28 2 171182
eloquent-backend/pkg/audio/engine.go:365.2,366.20 2 249
eloquent-backend/pkg/audio/engine.go:366.20,368.3 1 249
eloquent-backend/pkg/audio/engine.go:370.2,382.9 9 249
eloquent-backend/pkg/audio/engine.go:383.29,383.29 0 245
eloquent-backend/pkg/audio/engine.go:384.10,386.10 1 4
eloquent-backend/pkg/audio/engine.go:387.23,387.23 0 4
eloquent-backend/pkg/audio/engine.go:388.11,388.11 0 0
eloquent-backend/pkg/audio/engine.go:390.3,390.10 1 4
eloquent-backend/pkg/audio/engine.go:391.30,391.30 0 4
eloquent-backend/pkg/audio/engine.go:392.11,392.11 0 0
eloquent-backend/pkg/audio/engine.go:397.2,399.27 3 249
eloquent-backend/pkg/audio/engine.go:399.27,400.17 1 229
eloquent-backend/pkg/audio/engine.go:400.17,401.30 1 229
eloquent-backend/pkg/audio/engine.go:401.30,402.18 1 229
eloquent-backend/pkg/audio/engine.go:402.18,404.6 1 229
eloquent-backend/pkg/audio/engine.go:405.5,405.13 1 229
eloquent-backend/pkg/audio/engine.go:409.2,409.19 1 249
eloquent-backend/pkg/audio/engine.go:413.73,414.40 1 2254
eloquent-backend/pkg/audio/engine.go:414.40,416.3 1 1
eloquent-backend/pkg/audio/engine.go:417.2,417.19 1 2253
eloquent-backend/pkg/audio/engine.go:417.19,419.3 1 1
eloquent-backend/pkg/audio/engine.go:421.2,432.9 4 2252
eloquent-backend/pkg/audio/engine.go:433.28,434.19 1 1157
eloquent-backend/pkg/audio/engine.go:435.10,441.10 3 1095
eloquent-backend/pkg/audio/engine.go:442.34,443.45 1 1095
eloquent-backend/pkg/audio/engine.go:443.45,445.12 1 1095
eloquent-backend/pkg/audio/engine.go:446.31,447.22 1 1065
eloquent-backend/pkg/audio/engine.go:448.13,448.13 0 30
eloquent-backend/pkg/audio/engine.go:451.11,451.11 0 0
eloquent-backend/pkg/audio/engine.go:454.3,454.33 1 30
eloquent-backend/pkg/audio/engine.go:459.59,460.40 1 2
eloquent-backend/pkg/audio/engine.go:460.40,462.3 1 1
eloquent-backend/pkg/audio/engine.go:464.2,464.9 1 1
eloquent-backend/pkg/audio/engine.go:465.31,466.21 1 1
eloquent-backend/pkg/audio/engine.go:467.10,469.20 2 0
eloquent-backend/pkg/audio/engine.go:474.35,476.2 1 1
eloquent-backend/pkg/audio/engine.go:479.42,483.2 3 6
eloquent-backend/pkg/audio/engine.go:486.61,487.21 1 4
eloquent-backend/pkg/audio/engine.go:487.21,489.3 1 1
eloquent-backend/pkg/audio/engine.go:490.2,492.49 3 3
eloquent-backend/pkg/audio/engine.go:496.50,507.19 10 2
eloquent-backend/pkg/audio/engine.go:507.19,509.3 1 2
eloquent-backend/pkg/audio/engine.go:511.2,513.20 3 2
eloquent-backend/pkg/audio/engine.go:513.20,515.3 1 2
eloquent-backend/pkg/audio/engine.go:517.2,518.18 2 2
eloquent-backend/pkg/audio/engine.go:518.18,520.3 1 2
eloquent-backend/pkg/audio/engine.go:522.2,527.27 5 2
eloquent-backend/pkg/audio/engine.go:527.27,532.3 4 2
eloquent-backend/pkg/audio/engine.go:534.2,552.3 1 2
eloquent-backend/pkg/audio/engine.go:556.37,557.52 1 7
eloquent-backend/pkg/audio/engine.go:557.52,559.3 1 1
eloquent-backend/pkg/audio/engine.go:561.2,570.12 8 6
eloquent-backend/pkg/audio/pipeline.go:53.45,55.17 2 0
eloquent-backend/pkg/audio/pipeline.go:55.17,57.3 1 0
eloquent-backend/pkg/audio/pipeline.go:58.2,58.18 1 0
eloquent-backend/pkg/audio/pipeline.go:58.18,60.3 1 0
eloquent-backend/pkg/audio/pipeline.go:62.2,68.3 1 0
eloquent-backend/pkg/audio/pipeline.go:94.78,95.25 1 0
eloquent-backend/pkg/audio/pipeline.go:95.25,97.25 2 0
eloquent-backend/pkg/audio/pipeline.go:97.25,99.4 1 0
eloquent-backend/pkg/audio/pipeline.go:101.2,101.28 1 0
eloquent-backend/pkg/audio/pipeline.go:101.28,103.3 1 0
eloquent-backend/pkg/audio/pipeline.go:104.2,104.30 1 0
eloquent-backend/pkg/audio/pipeline.go:104.30,106.3 1 0
eloquent-backend/pkg/audio/pipeline.go:107.2,107.31 1 0
eloquent-backend/pkg/audio/pipeline.go:107.31,109.3 1 0
eloquent-backend/pkg/audio/pipeline.go:111.2,120.28 2 0
eloquent-backend/pkg/audio/pipeline.go:120.28,123.5 2 0
eloquent-backend/pkg/audio/pipeline.go:128.2,129.38 2 0
eloquent-backend/pkg/audio/pipeline.go:129.38,131.3 1 0
eloquent-backend/pkg/audio/pipeline.go:133.2,133.10 1 0
eloquent-backend/pkg/audio/pipeline.go:137.60,140.6 2 0
eloquent-backend/pkg/audio/pipeline.go:140.6,141.10 1 0
eloquent-backend/pkg/audio/pipeline.go:141.10,142.17 1 0
eloquent-backend/pkg/audio/pipeline.go:142.17,143.33 1 0
eloquent-backend/pkg/audio/pipeline.go:143.33,145.6 1 0
eloquent-backend/pkg/audio/pipeline.go:148.4,148.8 1 0
eloquent-backend/pkg/audio/pipeline.go:148.8,149.12 1 0
eloquent-backend/pkg/audio/pipeline.go:150.25,151.12 1 0
eloquent-backend/pkg/audio/pipeline.go:152.37,153.13 1 0
eloquent-backend/pkg/audio/pipeline.go:153.13,155.7 1 0
eloquent-backend/pkg/audio/pipeline.go:156.6,156.22 1 0
eloquent-backend/pkg/audio/pipeline.go:156.22,158.7 1 0
eloquent-backend/pkg/audio/pipeline.go:163.3,163.63 1 0
eloquent-backend/pkg/audio/pipeline.go:163.63,165.4 1 0
eloquent-backend/pkg/audio/pipeline.go:170.67,171.18 1 0
eloquent-backend/pkg/audio/pipeline.go:171.18,173.3 1 0
eloquent-backend/pkg/audio/pipeline.go:174.2,177.17 3 0
eloquent-backend/pkg/audio/pipeline.go:177.17,179.3 1 0
eloquent-backend/pkg/audio/pipeline.go:180.2,184.36 4 0
eloquent-backend/pkg/audio/pipeline.go:184.36,187.17 3 0
eloquent-backend/pkg/audio/pipeline.go:187.17,189.4 1 0
eloquent-backend/pkg/audio/pipeline.go:190.3,190.20 1 0
eloquent-backend/pkg/audio/pipeline.go:190.20,192.4 1 0
eloquent-backend/pkg/audio/pipeline.go:193.3,194.28 2 0
eloquent-backend/pkg/audio/pipeline.go:197.2,198.20 2 0
eloquent-backend/pkg/audio/pipeline.go:198.20,200.3 1 0
eloquent-backend/pkg/audio/pipeline.go:202.2,216.27 11 0
eloquent-backend/pkg/audio/pipeline.go:216.27,217.17 1 0
eloquent-backend/pkg/audio/pipeline.go:217.17,218.30 1 0
eloquent-backend/pkg/audio/pipeline.go:218.30,219.18 1 0
eloquent-backend/pkg/audio/pipeline.go:219.18,221.6 1 0
eloquent-backend/pkg/audio/pipeline.go:222.5,222.13 1 0
eloquent-backend/pkg/audio/pipeline.go:226.2,226.19 1 0
eloquent-backend/pkg/audio/pipeline.go:231.66,232.56 1 0
eloquent-backend/pkg/audio/pipeline.go:232.56,234.3 1 0
eloquent-backend/pkg/audio/pipeline.go:236.2,238.9 2 0
eloquent-backend/pkg/audio/pipeline.go:239.28,240.14 1 0
eloquent-backend/pkg/audio/pipeline.go:241.10,245.15 3 0
eloquent-backend/pkg/audio/pipeline.go:250.73,251.21 1 0
eloquent-backend/pkg/audio/pipeline.go:251.21,253.3 1 0
eloquent-backend/pkg/audio/pipeline.go:254.2,256.49 3 0
eloquent-backend/pkg/audio/pipeline.go:260.64,270.20 9 0
eloquent-backend/pkg/audio/pipeline.go:270.20,272.3 1 0
eloquent-backend/pkg/audio/pipeline.go:274.2,275.19 2 0
eloquent-backend/pkg/audio/pipeline.go:275.19,277.3 1 0
eloquent-backend/pkg/audio/pipeline.go:279.2,280.18 2 0
eloquent-backend/pkg/audio/pipeline.go:280.18,282.3 1 0
eloquent-backend/pkg/audio/pipeline.go:284.2,295.3 1 0
eloquent-backend/pkg/audio/pipeline.go:299.49,300.52 1 0
eloquent-backend/pkg/audio/pipeline.go:300.52,302.3 1 0
eloquent-backend/pkg/audio/pipeline.go:304.2,308.12 4 0
eloquent-backend/pkg/audio/sync.go:31.47,39.2 1 6
eloquent-backend/pkg/audio/sync.go:74.70,76.18 2 6
eloquent-backend/pkg/audio/sync.go:76.18,78.3 1 6
eloquent-backend/pkg/audio/sync.go:80.2,80.27 1 6
eloquent-backend/pkg/audio/sync.go:80.27,82.3 1 0
eloquent-backend/pkg/audio/sync.go:83.2,83.28 1 6
eloquent-backend/pkg/audio/sync.go:83.28,85.3 1 1
eloquent-backend/pkg/audio/sync.go:86.2,86.34 1 6
eloquent-backend/pkg/audio/sync.go:86.34,88.3 1 6
eloquent-backend/pkg/audio/sync.go:89.2,89.57 1 6
eloquent-backend/pkg/audio/sync.go:89.57,91.3 1 6
eloquent-backend/pkg/audio/sync.go:92.2,92.34 1 6
eloquent-backend/pkg/audio/sync.go:92.34,94.3 1 6
eloquent-backend/pkg/audio/sync.go:96.2,112.10 6 6
eloquent-backend/pkg/audio/sync.go:116.89,120.49 3 249
eloquent-backend/pkg/audio/sync.go:120.49,122.3 1 4
eloquent-backend/pkg/audio/sync.go:124.2,125.21 2 249
eloquent-backend/pkg/audio/sync.go:125.21,127.3 1 249
eloquent-backend/pkg/audio/sync.go:127.8,129.3 1 0
eloquent-backend/pkg/audio/sync.go:132.2,135.14 3 249
eloquent-backend/pkg/audio/sync.go:139.66,143.22 3 0
eloquent-backend/pkg/audio/sync.go:143.22,145.3 1 0
eloquent-backend/pkg/audio/sync.go:147.2,147.30 1 0
eloquent-backend/pkg/audio/sync.go:147.30,149.3 1 0
eloquent-backend/pkg/audio/sync.go:151.2,154.34 3 0
eloquent-backend/pkg/audio/sync.go:158.60,159.58 1 0
eloquent-backend/pkg/audio/sync.go:159.58,161.3 1 0
eloquent-backend/pkg/audio/sync.go:164.2,172.40 6 0
eloquent-backend/pkg/audio/sync.go:172.40,175.3 2 0
eloquent-backend/pkg/audio/sync.go:178.2,179.21 2 0
eloquent-backend/pkg/audio/sync.go:179.21,181.17 2 0
eloquent-backend/pkg/audio/sync.go:181.17,183.4 1 0
eloquent-backend/pkg/audio/sync.go:186.2,187.29 2 0
eloquent-backend/pkg/audio/sync.go:187.29,189.3 1 0
eloquent-backend/pkg/audio/sync.go:190.2,197.18 5 0
eloquent-backend/pkg/audio/sync.go:197.18,199.3 1 0
eloquent-backend/pkg/audio/sync.go:201.2,201.40 1 0
eloquent-backend/pkg/audio/sync.go:201.40,203.3 1 0
eloquent-backend/pkg/audio/sync.go:203.8,203.53 1 0
eloquent-backend/pkg/audio/sync.go:203.53,205.3 1 0
eloquent-backend/pkg/audio/sync.go:205.8,205.54 1 0
eloquent-backend/pkg/audio/sync.go:205.54,207.3 1 0
eloquent-backend/pkg/audio/sync.go:207.8,209.3 1 0
eloquent-backend/pkg/audio/sync.go:211.2,212.24 2 0
eloquent-backend/pkg/audio/sync.go:216.76,217.18 1 249
eloquent-backend/pkg/audio/sync.go:217.18,219.3 1 0
eloquent-backend/pkg/audio/sync.go:221.2,228.30 6 249
eloquent-backend/pkg/audio/sync.go:228.30,230.3 1 249
eloquent-backend/pkg/audio/sync.go:233.2,241.23 5 0
eloquent-backend/pkg/audio/sync.go:241.23,243.3 1 0
eloquent-backend/pkg/audio/sync.go:245.2,245.38 1 0
eloquent-backend/pkg/audio/sync.go:245.38,247.3 1 0
eloquent-backend/pkg/audio/sync.go:247.8,247.46 1 0
eloquent-backend/pkg/audio/sync.go:247.46,249.3 1 0
eloquent-backend/pkg/audio/sync.go:251.2,254.37 2 0
eloquent-backend/pkg/audio/sync.go:254.37,264.3 9 0
eloquent-backend/pkg/audio/sync.go:266.2,266.32 1 0
eloquent-backend/pkg/audio/sync.go:270.50,271.42 1 251
eloquent-backend/pkg/audio/sync.go:271.42,273.3 1 251
eloquent-backend/pkg/audio/sync.go:274.2,274.24 1 0
eloquent-backend/pkg/audio/sync.go:278.48,280.2 1 0
eloquent-backend/pkg/audio/sync.go:283.55,292.21 7 2
eloquent-backend/pkg/audio/sync.go:292.21,294.3 1 2
eloquent-backend/pkg/audio/sync.go:295.2,295.15 1 2
eloquent-backend/pkg/audio/sync.go:295.15,297.30 2 0
eloquent-backend/pkg/audio/sync.go:297.30,299.13 2 0
eloquent-backend/pkg/audio/sync.go:299.13,301.5 1 0
eloquent-backend/pkg/audio/sync.go:302.4,302.12 1 0
eloquent-backend/pkg/audio/sync.go:304.3,304.33 1 0
eloquent-backend/pkg/audio/sync.go:307.2,314.3 1 2
eloquent-backend/pkg/audio/sync.go:318.37,335.32 14 0
eloquent-backend/pkg/audio/sync.go:335.32,337.3 1 0
eloquent-backend/pkg/audio/sync.go:339.2,343.27 4 0
