mode: atomic
eloquent-backend/pkg/ipc/server.go:93.121,94.21 1 4
eloquent-backend/pkg/ipc/server.go:94.21,96.3 1 0
eloquent-backend/pkg/ipc/server.go:97.2,97.21 1 4
eloquent-backend/pkg/ipc/server.go:97.21,99.3 1 1
eloquent-backend/pkg/ipc/server.go:101.2,112.19 2 4
eloquent-backend/pkg/ipc/server.go:112.19,114.3 1 4
eloquent-backend/pkg/ipc/server.go:116.2,116.10 1 4
eloquent-backend/pkg/ipc/server.go:120.44,128.2 7 4
eloquent-backend/pkg/ipc/server.go:131.35,132.23 1 0
eloquent-backend/pkg/ipc/server.go:132.23,134.3 1 0
eloquent-backend/pkg/ipc/server.go:136.2,137.16 2 0
eloquent-backend/pkg/ipc/server.go:137.16,139.3 1 0
eloquent-backend/pkg/ipc/server.go:140.2,150.12 4 0
eloquent-backend/pkg/ipc/server.go:150.12,153.3 2 0
eloquent-backend/pkg/ipc/server.go:155.2,155.12 1 0
eloquent-backend/pkg/ipc/server.go:159.35,160.23 1 0
eloquent-backend/pkg/ipc/server.go:160.23,162.3 1 0
eloquent-backend/pkg/ipc/server.go:163.2,163.19 1 0
eloquent-backend/pkg/ipc/server.go:167.55,168.45 1 3
eloquent-backend/pkg/ipc/server.go:168.45,170.3 1 1
eloquent-backend/pkg/ipc/server.go:172.2,176.35 3 2
eloquent-backend/pkg/ipc/server.go:176.35,177.50 1 0
eloquent-backend/pkg/ipc/server.go:177.50,179.4 1 0
eloquent-backend/pkg/ipc/server.go:181.2,188.18 6 2
eloquent-backend/pkg/ipc/server.go:188.18,190.3 1 0
eloquent-backend/pkg/ipc/server.go:192.2,193.12 2 2
eloquent-backend/pkg/ipc/server.go:201.74,202.23 1 4
eloquent-backend/pkg/ipc/server.go:202.23,205.3 2 1
eloquent-backend/pkg/ipc/server.go:207.2,208.9 2 3
eloquent-backend/pkg/ipc/server.go:208.9,211.3 2 0
eloquent-backend/pkg/ipc/server.go:213.2,217.33 4 3
eloquent-backend/pkg/ipc/server.go:217.33,220.3 2 1
eloquent-backend/pkg/ipc/server.go:222.2,223.18 2 2
eloquent-backend/pkg/ipc/server.go:223.18,224.68 1 0
eloquent-backend/pkg/ipc/server.go:224.68,226.4 1 0
eloquent-backend/pkg/ipc/server.go:226.9,228.4 1 0
eloquent-backend/pkg/ipc/server.go:231.2,245.15 6 2
eloquent-backend/pkg/ipc/server.go:245.15,249.50 4 2
eloquent-backend/pkg/ipc/server.go:249.50,251.4 1 2
eloquent-backend/pkg/ipc/server.go:255.2,255.21 1 2
eloquent-backend/pkg/ipc/server.go:255.21,263.3 7 1
eloquent-backend/pkg/ipc/server.go:263.8,270.3 6 1
eloquent-backend/pkg/ipc/server.go:273.2,274.6 2 2
eloquent-backend/pkg/ipc/server.go:274.6,275.10 1 4
eloquent-backend/pkg/ipc/server.go:276.21,277.10 1 0
eloquent-backend/pkg/ipc/server.go:278.20,279.10 1 2
eloquent-backend/pkg/ipc/server.go:280.22,281.10 1 0
eloquent-backend/pkg/ipc/server.go:282.41,283.11 1 2
eloquent-backend/pkg/ipc/server.go:283.11,285.5 1 0
eloquent-backend/pkg/ipc/server.go:286.4,287.23 2 2
eloquent-backend/pkg/ipc/server.go:287.23,289.5 1 1
eloquent-backend/pkg/ipc/server.go:289.10,291.5 1 1
eloquent-backend/pkg/ipc/server.go:292.4,292.23 1 2
eloquent-backend/pkg/ipc/server.go:292.23,294.5 1 0
eloquent-backend/pkg/ipc/server.go:295.4,297.40 3 2
eloquent-backend/pkg/ipc/server.go:303.74,304.23 1 105
eloquent-backend/pkg/ipc/server.go:304.23,307.3 2 0
eloquent-backend/pkg/ipc/server.go:308.2,308.33 1 105
eloquent-backend/pkg/ipc/server.go:308.33,311.3 2 1
eloquent-backend/pkg/ipc/server.go:314.2,316.16 3 104
eloquent-backend/pkg/ipc/server.go:316.16,319.3 2 0
eloquent-backend/pkg/ipc/server.go:320.2,320.20 1 104
eloquent-backend/pkg/ipc/server.go:320.20,323.3 2 1
eloquent-backend/pkg/ipc/server.go:325.2,326.21 2 103
eloquent-backend/pkg/ipc/server.go:326.21,328.30 2 103
eloquent-backend/pkg/ipc/server.go:328.30,336.4 4 0
eloquent-backend/pkg/ipc/server.go:339.2,344.4 2 103
eloquent-backend/pkg/ipc/server.go:348.72,349.23 1 97
eloquent-backend/pkg/ipc/server.go:349.23,352.3 2 0
eloquent-backend/pkg/ipc/server.go:354.2,355.19 2 97
eloquent-backend/pkg/ipc/server.go:355.19,357.3 1 97
eloquent-backend/pkg/ipc/server.go:359.2,361.14 3 97
eloquent-backend/pkg/ipc/server.go:361.14,363.3 1 0
eloquent-backend/pkg/ipc/server.go:365.2,368.21 3 97
eloquent-backend/pkg/ipc/server.go:368.21,370.55 2 97
eloquent-backend/pkg/ipc/server.go:370.55,374.4 3 97
eloquent-backend/pkg/ipc/server.go:377.2,383.4 2 97
eloquent-backend/pkg/ipc/server.go:387.74,398.21 9 103
eloquent-backend/pkg/ipc/server.go:398.21,405.3 6 103
eloquent-backend/pkg/ipc/server.go:407.2,423.39 3 103
eloquent-backend/pkg/ipc/server.go:427.78,433.21 5 1
eloquent-backend/pkg/ipc/server.go:433.21,435.3 1 1
eloquent-backend/pkg/ipc/server.go:437.2,456.70 16 1
eloquent-backend/pkg/ipc/server.go:460.61,461.39 1 105
eloquent-backend/pkg/ipc/server.go:461.39,463.3 1 0
eloquent-backend/pkg/ipc/server.go:465.2,468.25 3 105
eloquent-backend/pkg/ipc/server.go:468.25,470.3 1 103
eloquent-backend/pkg/ipc/server.go:473.2,475.35 2 2
eloquent-backend/pkg/ipc/server.go:475.35,478.14 3 2
eloquent-backend/pkg/ipc/server.go:478.14,479.23 1 2
eloquent-backend/pkg/ipc/server.go:479.23,481.58 1 1
eloquent-backend/pkg/ipc/server.go:481.58,483.6 1 1
eloquent-backend/pkg/ipc/server.go:484.10,484.32 1 1
eloquent-backend/pkg/ipc/server.go:484.32,485.48 1 1
eloquent-backend/pkg/ipc/server.go:485.48,486.58 1 1
eloquent-backend/pkg/ipc/server.go:486.58,488.7 1 1
eloquent-backend/pkg/ipc/server.go:491.4,491.34 1 2
eloquent-backend/pkg/ipc/server.go:494.3,494.23 1 2
eloquent-backend/pkg/ipc/server.go:494.23,495.11 1 2
eloquent-backend/pkg/ipc/server.go:496.36,496.36 0 2
eloquent-backend/pkg/ipc/server.go:497.12,497.12 0 0
