mode: atomic
eloquent-backend/pkg/audio/engine.go:69.41,71.17 2 0
eloquent-backend/pkg/audio/engine.go:71.17,73.3 1 0
eloquent-backend/pkg/audio/engine.go:74.2,74.18 1 0
eloquent-backend/pkg/audio/engine.go:74.18,76.3 1 0
eloquent-backend/pkg/audio/engine.go:78.2,86.3 1 0
eloquent-backend/pkg/audio/engine.go:116.55,118.18 2 0
eloquent-backend/pkg/audio/engine.go:118.18,120.3 1 0
eloquent-backend/pkg/audio/engine.go:122.2,122.28 1 0
eloquent-backend/pkg/audio/engine.go:122.28,124.28 2 0
eloquent-backend/pkg/audio/engine.go:124.28,126.4 1 0
eloquent-backend/pkg/audio/engine.go:128.2,128.31 1 0
eloquent-backend/pkg/audio/engine.go:128.31,130.3 1 0
eloquent-backend/pkg/audio/engine.go:131.2,131.33 1 0
eloquent-backend/pkg/audio/engine.go:131.33,133.3 1 0
eloquent-backend/pkg/audio/engine.go:134.2,134.34 1 0
eloquent-backend/pkg/audio/engine.go:134.34,136.3 1 0
eloquent-backend/pkg/audio/engine.go:137.2,137.36 1 0
eloquent-backend/pkg/audio/engine.go:137.36,139.3 1 0
eloquent-backend/pkg/audio/engine.go:141.2,152.28 2 0
eloquent-backend/pkg/audio/engine.go:152.28,155.5 2 0
eloquent-backend/pkg/audio/engine.go:160.2,161.41 2 0
eloquent-backend/pkg/audio/engine.go:161.41,163.3 1 0
eloquent-backend/pkg/audio/engine.go:165.2,165.15 1 0
eloquent-backend/pkg/audio/engine.go:169.48,172.6 2 0
eloquent-backend/pkg/audio/engine.go:172.6,173.10 1 0
eloquent-backend/pkg/audio/engine.go:173.10,174.17 1 0
eloquent-backend/pkg/audio/engine.go:174.17,175.33 1 0
eloquent-backend/pkg/audio/engine.go:175.33,178.6 1 0
eloquent-backend/pkg/audio/engine.go:181.4,181.8 1 0
eloquent-backend/pkg/audio/engine.go:181.8,182.12 1 0
eloquent-backend/pkg/audio/engine.go:183.25,184.12 1 0
eloquent-backend/pkg/audio/engine.go:185.37,186.13 1 0
eloquent-backend/pkg/audio/engine.go:186.13,188.7 1 0
eloquent-backend/pkg/audio/engine.go:189.6,189.22 1 0
eloquent-backend/pkg/audio/engine.go:189.22,191.7 1 0
eloquent-backend/pkg/audio/engine.go:197.3,197.63 1 0
eloquent-backend/pkg/audio/engine.go:197.63,199.4 1 0
eloquent-backend/pkg/audio/engine.go:204.55,208.17 3 0
eloquent-backend/pkg/audio/engine.go:208.17,210.3 1 0
eloquent-backend/pkg/audio/engine.go:212.2,216.36 4 0
eloquent-backend/pkg/audio/engine.go:216.36,219.17 3 0
eloquent-backend/pkg/audio/engine.go:219.17,221.4 1 0
eloquent-backend/pkg/audio/engine.go:222.3,222.20 1 0
eloquent-backend/pkg/audio/engine.go:222.20,224.4 1 0
eloquent-backend/pkg/audio/engine.go:225.3,226.28 2 0
eloquent-backend/pkg/audio/engine.go:229.2,230.20 2 0
eloquent-backend/pkg/audio/engine.go:230.20,232.3 1 0
eloquent-backend/pkg/audio/engine.go:234.2,246.9 9 0
eloquent-backend/pkg/audio/engine.go:247.29,247.29 0 0
eloquent-backend/pkg/audio/engine.go:248.10,250.10 1 0
eloquent-backend/pkg/audio/engine.go:251.23,251.23 0 0
eloquent-backend/pkg/audio/engine.go:252.11,252.11 0 0
eloquent-backend/pkg/audio/engine.go:254.3,254.10 1 0
eloquent-backend/pkg/audio/engine.go:255.30,255.30 0 0
eloquent-backend/pkg/audio/engine.go:256.11,256.11 0 0
eloquent-backend/pkg/audio/engine.go:261.2,263.27 3 0
eloquent-backend/pkg/audio/engine.go:263.27,264.17 1 0
eloquent-backend/pkg/audio/engine.go:264.17,265.30 1 0
eloquent-backend/pkg/audio/engine.go:265.30,266.18 1 0
eloquent-backend/pkg/audio/engine.go:266.18,268.6 1 0
eloquent-backend/pkg/audio/engine.go:269.5,269.13 1 0
eloquent-backend/pkg/audio/engine.go:273.2,273.19 1 0
eloquent-backend/pkg/audio/engine.go:277.73,278.40 1 0
eloquent-backend/pkg/audio/engine.go:278.40,280.3 1 0
eloquent-backend/pkg/audio/engine.go:281.2,281.19 1 0
eloquent-backend/pkg/audio/engine.go:281.19,283.3 1 0
eloquent-backend/pkg/audio/engine.go:285.2,296.9 4 0
eloquent-backend/pkg/audio/engine.go:297.28,298.19 1 0
eloquent-backend/pkg/audio/engine.go:299.10,305.10 3 0
eloquent-backend/pkg/audio/engine.go:306.34,307.45 1 0
eloquent-backend/pkg/audio/engine.go:307.45,309.12 1 0
eloquent-backend/pkg/audio/engine.go:310.31,311.22 1 0
eloquent-backend/pkg/audio/engine.go:312.13,312.13 0 0
eloquent-backend/pkg/audio/engine.go:315.11,315.11 0 0
eloquent-backend/pkg/audio/engine.go:318.3,318.33 1 0
eloquent-backend/pkg/audio/engine.go:323.59,324.40 1 0
eloquent-backend/pkg/audio/engine.go:324.40,326.3 1 0
eloquent-backend/pkg/audio/engine.go:328.2,328.9 1 0
eloquent-backend/pkg/audio/engine.go:329.31,330.21 1 0
eloquent-backend/pkg/audio/engine.go:331.10,333.20 2 0
eloquent-backend/pkg/audio/engine.go:338.35,340.2 1 0
eloquent-backend/pkg/audio/engine.go:343.42,347.2 3 0
eloquent-backend/pkg/audio/engine.go:350.61,351.21 1 0
eloquent-backend/pkg/audio/engine.go:351.21,353.3 1 0
eloquent-backend/pkg/audio/engine.go:354.2,356.49 3 0
eloquent-backend/pkg/audio/engine.go:360.50,371.19 10 0
eloquent-backend/pkg/audio/engine.go:371.19,373.3 1 0
eloquent-backend/pkg/audio/engine.go:375.2,377.20 3 0
eloquent-backend/pkg/audio/engine.go:377.20,379.3 1 0
eloquent-backend/pkg/audio/engine.go:381.2,382.18 2 0
eloquent-backend/pkg/audio/engine.go:382.18,384.3 1 0
eloquent-backend/pkg/audio/engine.go:386.2,403.3 2 0
eloquent-backend/pkg/audio/engine.go:407.37,408.52 1 0
eloquent-backend/pkg/audio/engine.go:408.52,410.3 1 0
eloquent-backend/pkg/audio/engine.go:412.2,421.12 8 0
eloquent-backend/pkg/audio/pipeline.go:53.45,55.17 2 0
eloquent-backend/pkg/audio/pipeline.go:55.17,57.3 1 0
eloquent-backend/pkg/audio/pipeline.go:58.2,58.18 1 0
eloquent-backend/pkg/audio/pipeline.go:58.18,60.3 1 0
eloquent-backend/pkg/audio/pipeline.go:62.2,68.3 1 0
eloquent-backend/pkg/audio/pipeline.go:94.78,95.25 1 0
eloquent-backend/pkg/audio/pipeline.go:95.25,97.25 2 0
eloquent-backend/pkg/audio/pipeline.go:97.25,99.4 1 0
eloquent-backend/pkg/audio/pipeline.go:101.2,101.28 1 0
eloquent-backend/pkg/audio/pipeline.go:101.28,103.3 1 0
eloquent-backend/pkg/audio/pipeline.go:104.2,104.30 1 0
eloquent-backend/pkg/audio/pipeline.go:104.30,106.3 1 0
eloquent-backend/pkg/audio/pipeline.go:107.2,107.31 1 0
eloquent-backend/pkg/audio/pipeline.go:107.31,109.3 1 0
eloquent-backend/pkg/audio/pipeline.go:111.2,120.28 2 0
eloquent-backend/pkg/audio/pipeline.go:120.28,123.5 2 0
eloquent-backend/pkg/audio/pipeline.go:128.2,129.38 2 0
eloquent-backend/pkg/audio/pipeline.go:129.38,131.3 1 0
eloquent-backend/pkg/audio/pipeline.go:133.2,133.10 1 0
eloquent-backend/pkg/audio/pipeline.go:137.60,140.6 2 0
eloquent-backend/pkg/audio/pipeline.go:140.6,141.10 1 0
eloquent-backend/pkg/audio/pipeline.go:141.10,142.17 1 0
eloquent-backend/pkg/audio/pipeline.go:142.17,143.33 1 0
eloquent-backend/pkg/audio/pipeline.go:143.33,145.6 1 0
eloquent-backend/pkg/audio/pipeline.go:148.4,148.8 1 0
eloquent-backend/pkg/audio/pipeline.go:148.8,149.12 1 0
eloquent-backend/pkg/audio/pipeline.go:150.25,151.12 1 0
eloquent-backend/pkg/audio/pipeline.go:152.37,153.13 1 0
eloquent-backend/pkg/audio/pipeline.go:153.13,155.7 1 0
eloquent-backend/pkg/audio/pipeline.go:156.6,156.22 1 0
eloquent-backend/pkg/audio/pipeline.go:156.22,158.7 1 0
eloquent-backend/pkg/audio/pipeline.go:163.3,163.63 1 0
eloquent-backend/pkg/audio/pipeline.go:163.63,165.4 1 0
eloquent-backend/pkg/audio/pipeline.go:170.67,171.18 1 0
eloquent-backend/pkg/audio/pipeline.go:171.18,173.3 1 0
eloquent-backend/pkg/audio/pipeline.go:174.2,177.17 3 0
eloquent-backend/pkg/audio/pipeline.go:177.17,179.3 1 0
eloquent-backend/pkg/audio/pipeline.go:180.2,184.36 4 0
eloquent-backend/pkg/audio/pipeline.go:184.36,187.17 3 0
eloquent-backend/pkg/audio/pipeline.go:187.17,189.4 1 0
eloquent-backend/pkg/audio/pipeline.go:190.3,190.20 1 0
eloquent-backend/pkg/audio/pipeline.go:190.20,192.4 1 0
eloquent-backend/pkg/audio/pipeline.go:193.3,194.28 2 0
eloquent-backend/pkg/audio/pipeline.go:197.2,198.20 2 0
eloquent-backend/pkg/audio/pipeline.go:198.20,200.3 1 0
eloquent-backend/pkg/audio/pipeline.go:202.2,216.27 11 0
eloquent-backend/pkg/audio/pipeline.go:216.27,217.17 1 0
eloquent-backend/pkg/audio/pipeline.go:217.17,218.30 1 0
eloquent-backend/pkg/audio/pipeline.go:218.30,219.18 1 0
eloquent-backend/pkg/audio/pipeline.go:219.18,221.6 1 0
eloquent-backend/pkg/audio/pipeline.go:222.5,222.13 1 0
eloquent-backend/pkg/audio/pipeline.go:226.2,226.19 1 0
eloquent-backend/pkg/audio/pipeline.go:231.66,232.56 1 0
eloquent-backend/pkg/audio/pipeline.go:232.56,234.3 1 0
eloquent-backend/pkg/audio/pipeline.go:236.2,238.9 2 0
eloquent-backend/pkg/audio/pipeline.go:239.28,240.14 1 0
eloquent-backend/pkg/audio/pipeline.go:241.10,245.15 3 0
eloquent-backend/pkg/audio/pipeline.go:250.73,251.21 1 0
eloquent-backend/pkg/audio/pipeline.go:251.21,253.3 1 0
eloquent-backend/pkg/audio/pipeline.go:254.2,256.49 3 0
eloquent-backend/pkg/audio/pipeline.go:260.64,270.20 9 0
eloquent-backend/pkg/audio/pipeline.go:270.20,272.3 1 0
eloquent-backend/pkg/audio/pipeline.go:274.2,275.19 2 0
eloquent-backend/pkg/audio/pipeline.go:275.19,277.3 1 0
eloquent-backend/pkg/audio/pipeline.go:279.2,280.18 2 0
eloquent-backend/pkg/audio/pipeline.go:280.18,282.3 1 0
eloquent-backend/pkg/audio/pipeline.go:284.2,295.3 1 0
eloquent-backend/pkg/audio/pipeline.go:299.49,300.52 1 0
eloquent-backend/pkg/audio/pipeline.go:300.52,302.3 1 0
eloquent-backend/pkg/audio/pipeline.go:304.2,308.12 4 0
eloquent-backend/pkg/audio/sync.go:31.47,39.2 1 10
eloquent-backend/pkg/audio/sync.go:74.70,76.18 2 10
eloquent-backend/pkg/audio/sync.go:76.18,78.3 1 7
eloquent-backend/pkg/audio/sync.go:80.2,80.27 1 10
eloquent-backend/pkg/audio/sync.go:80.27,82.3 1 1
eloquent-backend/pkg/audio/sync.go:83.2,83.28 1 10
eloquent-backend/pkg/audio/sync.go:83.28,85.3 1 1
eloquent-backend/pkg/audio/sync.go:86.2,86.34 1 10
eloquent-backend/pkg/audio/sync.go:86.34,88.3 1 1
eloquent-backend/pkg/audio/sync.go:89.2,89.57 1 10
eloquent-backend/pkg/audio/sync.go:89.57,91.3 1 1
eloquent-backend/pkg/audio/sync.go:92.2,92.34 1 10
eloquent-backend/pkg/audio/sync.go:92.34,94.3 1 1
eloquent-backend/pkg/audio/sync.go:96.2,112.10 6 10
eloquent-backend/pkg/audio/sync.go:116.89,120.49 3 4247
eloquent-backend/pkg/audio/sync.go:120.49,122.3 1 7
eloquent-backend/pkg/audio/sync.go:124.2,125.21 2 4247
eloquent-backend/pkg/audio/sync.go:125.21,127.3 1 4246
eloquent-backend/pkg/audio/sync.go:127.8,129.3 1 1
eloquent-backend/pkg/audio/sync.go:132.2,135.14 3 4247
eloquent-backend/pkg/audio/sync.go:139.66,143.22 3 1243
eloquent-backend/pkg/audio/sync.go:143.22,145.3 1 1
eloquent-backend/pkg/audio/sync.go:147.2,147.30 1 1243
eloquent-backend/pkg/audio/sync.go:147.30,149.3 1 8
eloquent-backend/pkg/audio/sync.go:151.2,154.34 3 1243
eloquent-backend/pkg/audio/sync.go:158.60,159.58 1 1243
eloquent-backend/pkg/audio/sync.go:159.58,161.3 1 1
eloquent-backend/pkg/audio/sync.go:164.2,172.40 6 1242
eloquent-backend/pkg/audio/sync.go:172.40,175.3 2 122
eloquent-backend/pkg/audio/sync.go:178.2,179.21 2 1242
eloquent-backend/pkg/audio/sync.go:179.21,181.17 2 29
eloquent-backend/pkg/audio/sync.go:181.17,183.4 1 0
eloquent-backend/pkg/audio/sync.go:186.2,187.29 2 1242
eloquent-backend/pkg/audio/sync.go:187.29,189.3 1 16818
eloquent-backend/pkg/audio/sync.go:190.2,197.18 5 1242
eloquent-backend/pkg/audio/sync.go:197.18,199.3 1 68
eloquent-backend/pkg/audio/sync.go:201.2,201.40 1 1242
eloquent-backend/pkg/audio/sync.go:201.40,203.3 1 515
eloquent-backend/pkg/audio/sync.go:203.8,203.53 1 727
eloquent-backend/pkg/audio/sync.go:203.53,205.3 1 581
eloquent-backend/pkg/audio/sync.go:205.8,205.54 1 146
eloquent-backend/pkg/audio/sync.go:205.54,207.3 1 51
eloquent-backend/pkg/audio/sync.go:207.8,209.3 1 95
eloquent-backend/pkg/audio/sync.go:211.2,212.24 2 1242
eloquent-backend/pkg/audio/sync.go:216.76,217.18 1 2006
eloquent-backend/pkg/audio/sync.go:217.18,219.3 1 1
eloquent-backend/pkg/audio/sync.go:221.2,228.30 6 2005
eloquent-backend/pkg/audio/sync.go:228.30,230.3 1 497
eloquent-backend/pkg/audio/sync.go:233.2,241.23 5 1508
eloquent-backend/pkg/audio/sync.go:241.23,243.3 1 1
eloquent-backend/pkg/audio/sync.go:245.2,245.38 1 1508
eloquent-backend/pkg/audio/sync.go:245.38,247.3 1 1501
eloquent-backend/pkg/audio/sync.go:247.8,247.46 1 7
eloquent-backend/pkg/audio/sync.go:247.46,249.3 1 7
eloquent-backend/pkg/audio/sync.go:251.2,254.37 2 1508
eloquent-backend/pkg/audio/sync.go:254.37,264.3 9 475
eloquent-backend/pkg/audio/sync.go:266.2,266.32 1 1033
eloquent-backend/pkg/audio/sync.go:270.50,271.42 1 6015
eloquent-backend/pkg/audio/sync.go:271.42,273.3 1 6015
eloquent-backend/pkg/audio/sync.go:274.2,274.24 1 0
eloquent-backend/pkg/audio/sync.go:278.48,280.2 1 2002
eloquent-backend/pkg/audio/sync.go:283.55,292.21 7 2003
eloquent-backend/pkg/audio/sync.go:292.21,294.3 1 24
eloquent-backend/pkg/audio/sync.go:295.2,295.15 1 2003
eloquent-backend/pkg/audio/sync.go:295.15,297.30 2 2002
eloquent-backend/pkg/audio/sync.go:297.30,299.13 2 31883
eloquent-backend/pkg/audio/sync.go:299.13,301.5 1 6645
eloquent-backend/pkg/audio/sync.go:302.4,302.12 1 31883
eloquent-backend/pkg/audio/sync.go:304.3,304.33 1 2002
eloquent-backend/pkg/audio/sync.go:307.2,314.3 1 2003
eloquent-backend/pkg/audio/sync.go:318.37,335.32 14 2
eloquent-backend/pkg/audio/sync.go:335.32,337.3 1 20
eloquent-backend/pkg/audio/sync.go:339.2,343.27 4 2
