mode: set
eloquent-go/backend/cache_manager.go:57.52,58.19 1 1
eloquent-go/backend/cache_manager.go:58.19,60.3 1 1
eloquent-go/backend/cache_manager.go:62.2,72.11 3 1
eloquent-go/backend/cache_manager.go:75.42,78.27 2 1
eloquent-go/backend/cache_manager.go:78.27,80.4 1 1
eloquent-go/backend/cache_manager.go:85.67,89.9 4 1
eloquent-go/backend/cache_manager.go:89.9,91.3 1 1
eloquent-go/backend/cache_manager.go:92.2,94.18 3 1
eloquent-go/backend/cache_manager.go:98.65,104.2 5 1
eloquent-go/backend/cache_manager.go:107.57,111.2 3 1
eloquent-go/backend/cache_manager.go:114.67,119.2 4 1
eloquent-go/backend/cache_manager.go:122.69,126.2 3 1
eloquent-go/backend/cache_manager.go:129.72,134.2 4 1
eloquent-go/backend/cache_manager.go:137.90,141.54 3 1
eloquent-go/backend/cache_manager.go:141.54,143.3 1 1
eloquent-go/backend/cache_manager.go:145.2,146.64 2 1
eloquent-go/backend/cache_manager.go:146.64,148.3 1 0
eloquent-go/backend/cache_manager.go:150.2,151.24 2 1
eloquent-go/backend/cache_manager.go:155.45,159.2 3 1
eloquent-go/backend/cache_manager.go:162.57,166.2 3 1
eloquent-go/backend/cache_manager.go:169.56,182.38 7 1
eloquent-go/backend/cache_manager.go:182.38,184.3 1 1
eloquent-go/backend/cache_manager.go:185.2,185.35 1 1
eloquent-go/backend/cache_manager.go:185.35,187.3 1 1
eloquent-go/backend/cache_manager.go:189.2,205.43 11 1
eloquent-go/backend/cache_manager.go:205.43,206.68 1 1
eloquent-go/backend/cache_manager.go:206.68,208.4 1 0
eloquent-go/backend/cache_manager.go:208.9,211.4 2 1
eloquent-go/backend/cache_manager.go:213.2,216.22 2 1
eloquent-go/backend/cache_manager.go:216.22,217.57 1 1
eloquent-go/backend/cache_manager.go:217.57,218.34 1 1
eloquent-go/backend/cache_manager.go:218.34,219.23 1 1
eloquent-go/backend/cache_manager.go:219.23,222.20 3 1
eloquent-go/backend/cache_manager.go:222.20,224.7 1 1
eloquent-go/backend/cache_manager.go:225.6,225.71 1 1
eloquent-go/backend/cache_manager.go:225.71,227.7 1 0
eloquent-go/backend/cache_manager.go:227.12,229.7 1 1
eloquent-go/backend/cache_manager.go:235.2,238.28 3 1
eloquent-go/backend/cache_manager.go:238.28,241.3 2 0
eloquent-go/backend/cache_manager.go:241.8,244.3 1 1
eloquent-go/backend/cache_manager.go:246.2,246.15 1 1
eloquent-go/backend/cache_manager.go:250.92,251.16 1 1
eloquent-go/backend/cache_manager.go:251.16,253.3 1 1
eloquent-go/backend/cache_manager.go:255.2,256.43 2 1
eloquent-go/backend/cache_manager.go:256.43,262.3 1 0
eloquent-go/backend/cache_manager.go:264.2,267.8 1 1
eloquent-go/backend/cache_manager.go:271.86,272.66 1 1
eloquent-go/backend/cache_manager.go:272.66,279.3 4 1
eloquent-go/backend/cache_manager.go:281.2,282.19 2 1
eloquent-go/backend/cache_manager.go:282.19,284.25 2 1
eloquent-go/backend/cache_manager.go:284.25,286.4 1 1
eloquent-go/backend/cache_manager.go:289.2,291.16 3 1
eloquent-go/backend/cache_manager.go:291.16,298.3 3 0
eloquent-go/backend/cache_manager.go:300.2,301.37 2 1
eloquent-go/backend/movement_handler.go:47.44,68.2 3 1
eloquent-go/backend/movement_handler.go:71.84,76.26 4 1
eloquent-go/backend/movement_handler.go:76.26,78.3 1 1
eloquent-go/backend/movement_handler.go:80.2,86.107 5 1
eloquent-go/backend/movement_handler.go:86.107,101.3 6 1
eloquent-go/backend/movement_handler.go:103.2,105.29 3 1
eloquent-go/backend/movement_handler.go:105.29,107.3 1 0
eloquent-go/backend/movement_handler.go:109.2,109.24 1 1
eloquent-go/backend/movement_handler.go:110.18,119.4 2 1
eloquent-go/backend/movement_handler.go:121.17,130.4 2 1
eloquent-go/backend/movement_handler.go:132.17,141.4 2 1
eloquent-go/backend/movement_handler.go:143.10,152.4 2 0
eloquent-go/backend/movement_handler.go:155.2,156.12 2 1
eloquent-go/backend/movement_handler.go:160.52,164.2 3 1
eloquent-go/backend/movement_handler.go:167.35,187.2 4 1
eloquent-go/backend/prompt_processor.go:37.42,39.2 1 0
eloquent-go/backend/prompt_processor.go:42.44,49.2 1 1
eloquent-go/backend/prompt_processor.go:52.103,59.2 1 1
eloquent-go/backend/prompt_processor.go:62.76,63.18 1 1
eloquent-go/backend/prompt_processor.go:63.18,65.3 1 1
eloquent-go/backend/prompt_processor.go:67.2,80.59 5 1
eloquent-go/backend/prompt_processor.go:80.59,81.19 1 0
eloquent-go/backend/prompt_processor.go:81.19,83.4 1 0
eloquent-go/backend/prompt_processor.go:84.3,84.57 1 0
eloquent-go/backend/prompt_processor.go:88.2,92.17 4 1
eloquent-go/backend/prompt_processor.go:92.17,94.3 1 0
eloquent-go/backend/prompt_processor.go:97.2,102.25 4 1
eloquent-go/backend/prompt_processor.go:102.25,103.19 1 1
eloquent-go/backend/prompt_processor.go:103.19,112.4 1 1
eloquent-go/backend/prompt_processor.go:113.3,114.80 1 1
eloquent-go/backend/prompt_processor.go:117.2,117.20 1 1
eloquent-go/backend/prompt_processor.go:121.82,128.59 2 1
eloquent-go/backend/prompt_processor.go:128.59,130.3 1 1
eloquent-go/backend/prompt_processor.go:132.2,132.28 1 1
eloquent-go/backend/prompt_processor.go:132.28,134.3 1 1
eloquent-go/backend/prompt_processor.go:137.2,138.32 2 1
eloquent-go/backend/prompt_processor.go:138.32,141.17 3 1
eloquent-go/backend/prompt_processor.go:141.17,143.4 1 0
eloquent-go/backend/prompt_processor.go:146.2,146.26 1 1
eloquent-go/backend/prompt_processor.go:150.71,155.32 4 1
eloquent-go/backend/prompt_processor.go:155.32,156.21 1 1
eloquent-go/backend/prompt_processor.go:156.21,158.26 2 1
eloquent-go/backend/prompt_processor.go:158.26,161.5 2 1
eloquent-go/backend/prompt_processor.go:165.2,165.21 1 1
eloquent-go/backend/prompt_processor.go:169.75,172.43 2 1
eloquent-go/backend/prompt_processor.go:172.43,173.51 1 1
eloquent-go/backend/prompt_processor.go:173.51,178.4 1 1
eloquent-go/backend/prompt_processor.go:181.3,181.42 1 1
eloquent-go/backend/prompt_processor.go:181.42,186.4 1 1
eloquent-go/backend/prompt_processor.go:189.2,189.12 1 1
eloquent-go/backend/prompt_processor.go:193.66,198.44 3 1
eloquent-go/backend/prompt_processor.go:198.44,199.42 1 1
eloquent-go/backend/prompt_processor.go:199.42,201.4 1 0
eloquent-go/backend/prompt_processor.go:202.3,202.25 1 1
eloquent-go/backend/prompt_processor.go:202.25,204.4 1 1
eloquent-go/backend/prompt_processor.go:205.3,205.11 1 1
eloquent-go/backend/prompt_processor.go:209.2,209.21 1 1
eloquent-go/backend/prompt_processor.go:209.21,210.45 1 1
eloquent-go/backend/prompt_processor.go:210.45,211.15 1 1
eloquent-go/backend/prompt_processor.go:211.15,213.5 1 1
eloquent-go/backend/prompt_processor.go:214.4,214.12 1 0
eloquent-go/backend/prompt_processor.go:219.2,222.41 3 1
eloquent-go/backend/prompt_processor.go:227.63,228.16 1 1
eloquent-go/backend/prompt_processor.go:228.16,230.3 1 1
eloquent-go/backend/prompt_processor.go:231.2,232.28 2 1
eloquent-go/backend/prompt_processor.go:236.114,240.43 3 1
eloquent-go/backend/prompt_processor.go:240.43,242.10 2 1
eloquent-go/backend/prompt_processor.go:242.10,243.20 1 1
eloquent-go/backend/prompt_processor.go:243.20,248.5 1 1
eloquent-go/backend/prompt_processor.go:250.4,250.14 1 1
eloquent-go/backend/prompt_processor.go:254.3,259.50 4 1
eloquent-go/backend/prompt_processor.go:262.2,262.20 1 1
eloquent-go/backend/prompt_processor.go:266.116,270.29 3 1
eloquent-go/backend/prompt_processor.go:270.29,271.30 1 1
eloquent-go/backend/prompt_processor.go:272.31,274.11 2 1
eloquent-go/backend/prompt_processor.go:274.11,276.5 1 1
eloquent-go/backend/prompt_processor.go:277.4,277.17 1 1
eloquent-go/backend/prompt_processor.go:278.11,279.21 1 0
eloquent-go/backend/prompt_processor.go:283.2,283.22 1 1
eloquent-go/backend/prompt_processor.go:287.67,288.18 1 1
eloquent-go/backend/prompt_processor.go:288.18,290.3 1 0
eloquent-go/backend/prompt_processor.go:292.2,292.27 1 1
eloquent-go/backend/prompt_processor.go:293.14,294.11 1 1
eloquent-go/backend/prompt_processor.go:295.38,296.30 1 1
eloquent-go/backend/prompt_processor.go:297.43,298.30 1 0
eloquent-go/backend/prompt_processor.go:299.24,300.30 1 1
eloquent-go/backend/prompt_processor.go:301.12,302.30 1 1
eloquent-go/backend/prompt_processor.go:303.10,305.48 1 0
eloquent-go/backend/prompt_processor.go:305.48,307.4 1 0
eloquent-go/backend/prompt_processor.go:308.3,308.30 1 0
eloquent-go/backend/prompt_processor.go:313.53,315.2 1 1
eloquent-go/backend/prompt_processor.go:318.58,320.58 2 1
eloquent-go/backend/prompt_processor.go:320.58,322.3 1 0
eloquent-go/backend/prompt_processor.go:323.2,323.21 1 1
eloquent-go/backend/prompt_processor.go:327.72,330.16 3 1
eloquent-go/backend/prompt_processor.go:330.16,332.3 1 1
eloquent-go/backend/prompt_processor.go:333.2,333.28 1 1
eloquent-go/backend/prompt_processor.go:337.88,341.33 3 1
eloquent-go/backend/prompt_processor.go:341.33,345.3 3 1
eloquent-go/backend/prompt_processor.go:347.2,347.22 1 1
eloquent-go/backend/prompt_processor.go:351.51,352.21 1 1
eloquent-go/backend/prompt_processor.go:352.21,355.33 2 0
eloquent-go/backend/prompt_processor.go:355.33,357.4 1 0
eloquent-go/backend/prompt_processor.go:359.2,359.19 1 1
eloquent-go/backend/prompt_processor.go:363.45,365.2 1 1
eloquent-go/backend/prompt_processor.go:368.54,370.2 1 0
eloquent-go/backend/prompt_processor.go:373.40,376.2 2 1
